 LIDAR

 Timestamp is 555a4539 (Mon May 18 16:02:01 2015)

 Preferred load address is 0000000180000000

 Start         Length     Name                   Class
 0001:00000000 00011ac2H .text                   CODE
 0001:00011ad0 00000092H .text$x                 CODE
 0002:00000000 00000358H .idata$5                DATA
 0002:00000358 00000008H .CRT$XCA                DATA
 0002:00000360 00000008H .CRT$XCZ                DATA
 0002:00000368 00000008H .CRT$XIA                DATA
 0002:00000370 00000008H .CRT$XIAA               DATA
 0002:00000378 00000008H .CRT$XIZ                DATA
 0002:00000380 00003640H .rdata                  DATA
 0002:000039c0 00000008H .rtc$IAA                DATA
 0002:000039c8 00000008H .rtc$IZZ                DATA
 0002:000039d0 00000008H .rtc$TAA                DATA
 0002:000039d8 00000008H .rtc$TZZ                DATA
 0002:000039e0 000005c0H .xdata                  DATA
 0002:00003fa0 00000078H .idata$2                DATA
 0002:00004018 00000014H .idata$3                DATA
 0002:00004030 00000358H .idata$4                DATA
 0002:00004388 00000932H .idata$6                DATA
 0002:00004cc0 000000b0H .edata                  DATA
 0003:00000000 000014e8H .data                   DATA
 0003:000014f0 000005c0H .bss                    DATA
 0004:00000000 00000474H .pdata                  DATA

  Address         Publics by Value              Rva+Base               Lib:Object

 0000:00000000       ___safe_se_handler_table   0000000000000000     <absolute>
 0000:00000000       ___safe_se_handler_count   0000000000000000     <absolute>
 0000:00000000       __ImageBase                0000000180000000     <linker-defined>
 0001:00000000       error                      0000000180001000 f   LIDAR_mexutil.obj
 0001:00000050       message                    0000000180001050 f   LIDAR_mexutil.obj
 0001:000000a0       LIDAR_initialize           00000001800010a0 f   LIDAR_initialize.obj
 0001:00000100       LIDAR_atexit               0000000180001100 f   LIDAR_terminate.obj
 0001:00000150       LIDAR_terminate            0000000180001150 f   LIDAR_terminate.obj
 0001:00000170       LIDAR                      0000000180001170 f   LIDAR.obj
 0001:00003670       intersections_coder        0000000180004670 f   intersections_coder.obj
 0001:00009b40       b_diff                     000000018000ab40 f   diff.obj
 0001:00009f70       diff                       000000018000af70 f   diff.obj
 0001:00009f90       b_repmat                   000000018000af90 f   repmat.obj
 0001:0000a030       repmat                     000000018000b030 f   repmat.obj
 0001:0000a320       lu                         000000018000b320 f   lu.obj
 0001:0000aa20       check_forloop_overflow_error 000000018000ba20 f   mldivide.obj
 0001:0000ad20       mldivide                   000000018000bd20 f   mldivide.obj
 0001:0000b3f0       norm                       000000018000c3f0 f   norm.obj
 0001:0000b4a0       b_mod                      000000018000c4a0 f   mod.obj
 0001:0000f990       emlrtMexFcnResolvedFunctionsInfo 0000000180010990 f   LIDAR_api.obj
 0001:0000ff80       LIDAR_api                  0000000180010f80 f   LIDAR_api.obj
 0001:00010290       emxEnsureCapacity          0000000180011290 f   LIDAR_emxutil.obj
 0001:000105f0       b_emxInitStruct_struct_T   00000001800115f0 f   LIDAR_emxutil.obj
 0001:00010610       c_emxInit_real_T           0000000180011610 f   LIDAR_emxutil.obj
 0001:00010610       b_emxInit_real_T           0000000180011610 f   LIDAR_emxutil.obj
 0001:00010610       emxInit_boolean_T          0000000180011610 f   LIDAR_emxutil.obj
 0001:00010610       emxInit_real_T             0000000180011610 f   LIDAR_emxutil.obj
 0001:00010610       b_emxInit_boolean_T        0000000180011610 f   LIDAR_emxutil.obj
 0001:00010610       emxInit_int32_T            0000000180011610 f   LIDAR_emxutil.obj
 0001:000106e0       emxCopyStruct_struct_T     00000001800116e0 f   LIDAR_emxutil.obj
 0001:000106f0       emxFreeStruct_struct_T     00000001800116f0 f   LIDAR_emxutil.obj
 0001:000106f0       emxFree_real_T             00000001800116f0 f   LIDAR_emxutil.obj
 0001:000106f0       emxFree_int32_T            00000001800116f0 f   LIDAR_emxutil.obj
 0001:000106f0       emxFree_boolean_T          00000001800116f0 f   LIDAR_emxutil.obj
 0001:00010a40       b_emxFreeStruct_struct_T   0000000180011a40 f   LIDAR_emxutil.obj
 0001:00010ac0       emxEnsureCapacity_struct_T 0000000180011ac0 f   LIDAR_emxutil.obj
 0001:00010bf0       emxInitStruct_struct_T     0000000180011bf0 f   LIDAR_emxutil.obj
 0001:00010d90       LIDAR_atexit_wrapper       0000000180011d90 f   LIDAR_mex.obj
 0001:00010da0       mexFunction                0000000180011da0 f   LIDAR_mex.obj
 0001:00010df0       emlrtMexFcnProperties      0000000180011df0 f   LIDAR_mex.obj
 0001:00010f4c       mxCreateCharArray_700      0000000180011f4c f   libmx:libmx.dll
 0001:00010f52       mxGetNaN                   0000000180011f52 f   libmx:libmx.dll
 0001:00010f58       mxCreateString             0000000180011f58 f   libmx:libmx.dll
 0001:00010f5e       mxSetDimensions_700        0000000180011f5e f   libmx:libmx.dll
 0001:00010f64       mxSetData                  0000000180011f64 f   libmx:libmx.dll
 0001:00010f6a       mxCreateNumericArray_700   0000000180011f6a f   libmx:libmx.dll
 0001:00010f70       mxGetData                  0000000180011f70 f   libmx:libmx.dll
 0001:00010f76       mxCreateNumericMatrix_700  0000000180011f76 f   libmx:libmx.dll
 0001:00010f7c       mxCreateStructArray_700    0000000180011f7c f   libmx:libmx.dll
 0001:00010f82       mxCreateDoubleScalar       0000000180011f82 f   libmx:libmx.dll
 0001:00010f88       mxSetFieldByNumber_700     0000000180011f88 f   libmx:libmx.dll
 0001:00010f8e       mxCreateLogicalMatrix_700  0000000180011f8e f   libmx:libmx.dll
 0001:00010f94       mxCreateStructMatrix_700   0000000180011f94 f   libmx:libmx.dll
 0001:00010f9a       mexAtExit                  0000000180011f9a f   libmex:libmex.dll
 0001:00010fa0       emlrtCallMATLABR2012b      0000000180011fa0 f   libemlrt:libemlrt.dll
 0001:00010fa6       emlrtFirstTimeR2012b       0000000180011fa6 f   libemlrt:libemlrt.dll
 0001:00010fac       emlrtEnterRtStackR2012b    0000000180011fac f   libemlrt:libemlrt.dll
 0001:00010fb2       emlrtClearAllocCountR2012b 0000000180011fb2 f   libemlrt:libemlrt.dll
 0001:00010fb8       emlrtCreateRootTLS         0000000180011fb8 f   libemlrt:libemlrt.dll
 0001:00010fbe       emlrtGetBreakCheckFlagAddressR2012b 0000000180011fbe f   libemlrt:libemlrt.dll
 0001:00010fc4       emlrtDestroyRootTLS        0000000180011fc4 f   libemlrt:libemlrt.dll
 0001:00010fca       emlrtLeaveRtStackR2012b    0000000180011fca f   libemlrt:libemlrt.dll
 0001:00010fd0       emlrtHeapReferenceStackLeaveFcnR2012b 0000000180011fd0 f   libemlrt:libemlrt.dll
 0001:00010fd6       emlrtIntegerCheckR2012b    0000000180011fd6 f   libemlrt:libemlrt.dll
 0001:00010fdc       emlrtBreakCheckR2012b      0000000180011fdc f   libemlrt:libemlrt.dll
 0001:00010fe2       emlrtDynamicBoundsCheckR2012b 0000000180011fe2 f   libemlrt:libemlrt.dll
 0001:00010fe8       emlrtPopRtStackR2012b      0000000180011fe8 f   libemlrt:libemlrt.dll
 0001:00010fee       emlrtAssign                0000000180011fee f   libemlrt:libemlrt.dll
 0001:00010ff4       emlrtInitCharArrayR2013a   0000000180011ff4 f   libemlrt:libemlrt.dll
 0001:00010ffa       emlrtPushRtStackR2012b     0000000180011ffa f   libemlrt:libemlrt.dll
 0001:00011000       emlrtHeapReferenceStackEnterFcnR2012b 0000000180012000 f   libemlrt:libemlrt.dll
 0001:00011006       emlrtErrorWithMessageIdR2012b 0000000180012006 f   libemlrt:libemlrt.dll
 0001:0001100c       emlrtSizeEqCheckNDR2012b   000000018001200c f   libemlrt:libemlrt.dll
 0001:00011012       emlrtMatrixMatrixIndexCheckR2012b 0000000180012012 f   libemlrt:libemlrt.dll
 0001:00011018       emlrtSubAssignSizeCheckR2012b 0000000180012018 f   libemlrt:libemlrt.dll
 0001:0001101e       emlrtSizeEqCheck1DR2012b   000000018001201e f   libemlrt:libemlrt.dll
 0001:00011024       emlrtVectorVectorIndexCheckR2012b 0000000180012024 f   libemlrt:libemlrt.dll
 0001:0001102a       emlrtDimSizeEqCheckR2012b  000000018001202a f   libemlrt:libemlrt.dll
 0001:00011030       emlrtAddField              0000000180012030 f   libemlrt:libemlrt.dll
 0001:00011036       emlrtDestroyArray          0000000180012036 f   libemlrt:libemlrt.dll
 0001:0001103c       emlrtCheckBuiltInR2012b    000000018001203c f   libemlrt:libemlrt.dll
 0001:00011042       emlrtImportArrayR2011b     0000000180012042 f   libemlrt:libemlrt.dll
 0001:00011048       emlrtCheckVsBuiltInR2012b  0000000180012048 f   libemlrt:libemlrt.dll
 0001:0001104e       emlrtNameCapturePostProcessR2012a 000000018001204e f   libemlrt:libemlrt.dll
 0001:00011054       emlrtAlias                 0000000180012054 f   libemlrt:libemlrt.dll
 0001:0001105a       emlrtGetFieldR2013a        000000018001205a f   libemlrt:libemlrt.dll
 0001:00011060       emlrtCheckVsStructR2012b   0000000180012060 f   libemlrt:libemlrt.dll
 0001:00011066       emlrtCheckStructR2012b     0000000180012066 f   libemlrt:libemlrt.dll
 0001:0001106c       emlrtAliasP                000000018001206c f   libemlrt:libemlrt.dll
 0001:00011072       emlrtFreeMex               0000000180012072 f   libemlrt:libemlrt.dll
 0001:00011078       emlrtPushHeapReferenceStackR2012b 0000000180012078 f   libemlrt:libemlrt.dll
 0001:0001107e       emlrtHeapAllocationErrorR2012b 000000018001207e f   libemlrt:libemlrt.dll
 0001:00011084       emlrtMallocMex             0000000180012084 f   libemlrt:libemlrt.dll
 0001:0001108a       emlrtCallocMex             000000018001208a f   libemlrt:libemlrt.dll
 0001:00011090       emlrtSizeMulR2012b         0000000180012090 f   libemlrt:libemlrt.dll
 0001:00011096       emlrtReturnArrayR2009a     0000000180012096 f   libemlrt:libemlrt.dll
 0001:0001109c       emlrtErrMsgIdAndTxt        000000018001209c f   libemlrt:libemlrt.dll
 0001:000110a2       muDoubleScalarRound        00000001800120a2 f   libmwmathutil:libmwmathutil.dll
 0001:000110a8       muDoubleScalarSin          00000001800120a8 f   libmwmathutil:libmwmathutil.dll
 0001:000110ae       muDoubleScalarCos          00000001800120ae f   libmwmathutil:libmwmathutil.dll
 0001:000110b4       muDoubleScalarAbs          00000001800120b4 f   libmwmathutil:libmwmathutil.dll
 0001:000110ba       muDoubleScalarFloor        00000001800120ba f   libmwmathutil:libmwmathutil.dll
 0001:000110c0       muDoubleScalarIsInf        00000001800120c0 f   libmwmathutil:libmwmathutil.dll
 0001:000110c6       muDoubleScalarIsNaN        00000001800120c6 f   libmwmathutil:libmwmathutil.dll
 0001:000110cc       muDoubleScalarMax          00000001800120cc f   libmwmathutil:libmwmathutil.dll
 0001:000110d2       muDoubleScalarMin          00000001800120d2 f   libmwmathutil:libmwmathutil.dll
 0001:000110d8       muIntScalarMin_sint32      00000001800120d8 f   libmwmathutil:libmwmathutil.dll
 0001:000110de       muDoubleScalarSqrt         00000001800120de f   libmwmathutil:libmwmathutil.dll
 0001:000110e4       __GSHandlerCheckCommon     00000001800120e4 f   MSVCRT:gshandler.obj
 0001:00011148       __GSHandlerCheck           0000000180012148 f   MSVCRT:gshandler.obj
 0001:00011180       __security_check_cookie    0000000180012180 f   MSVCRT:amdsecgs.obj
 0001:000111a0       memset                     00000001800121a0 f   MSVCRT:MSVCR100.dll
 0001:000111a6       memcpy                     00000001800121a6 f   MSVCRT:MSVCR100.dll
 0001:000111c0       __chkstk                   00000001800121c0 f   MSVCRT:chkstk.obj
 0001:000111c0       _alloca_probe              00000001800121c0     MSVCRT:chkstk.obj
 0001:00011270       _CRT_INIT                  0000000180012270 f   MSVCRT:crtdll.obj
 0001:00011608       _DllMainCRTStartup         0000000180012608 f   MSVCRT:crtdll.obj
 0001:00011648       __report_gsfailure         0000000180012648 f   MSVCRT:gs_report.obj
 0001:00011794       __clean_type_info_names    0000000180012794 f   MSVCRT:tncleanup.obj
 0001:000117a0       _onexit                    00000001800127a0 f   MSVCRT:atonexit.obj
 0001:00011850       atexit                     0000000180012850 f   MSVCRT:atonexit.obj
 0001:00011868       _RTC_Initialize            0000000180012868 f   MSVCRT:_initsect_.obj
 0001:000118a0       _RTC_Terminate             00000001800128a0 f   MSVCRT:_initsect_.obj
 0001:000118e0       _ValidateImageBase         00000001800128e0 f   MSVCRT:pesect.obj
 0001:00011910       _FindPESection             0000000180012910 f   MSVCRT:pesect.obj
 0001:00011960       _IsNonwritableInCurrentImage 0000000180012960 f   MSVCRT:pesect.obj
 0001:000119a2       _initterm                  00000001800129a2 f   MSVCRT:MSVCR100.dll
 0001:000119a8       _initterm_e                00000001800129a8 f   MSVCRT:MSVCR100.dll
 0001:000119ae       _amsg_exit                 00000001800129ae f   MSVCRT:MSVCR100.dll
 0001:000119b4       __C_specific_handler       00000001800129b4 f   MSVCRT:MSVCR100.dll
 0001:000119ba       __CppXcptFilter            00000001800129ba f   MSVCRT:MSVCR100.dll
 0001:000119c0       DllMain                    00000001800129c0 f   MSVCRT:dllmain.obj
 0001:000119e4       __security_init_cookie     00000001800129e4 f   MSVCRT:gs_support.obj
 0001:00011a98       __crt_debugger_hook        0000000180012a98 f   MSVCRT:MSVCR100.dll
 0001:00011a9e       __clean_type_info_names_internal 0000000180012a9e f   MSVCRT:MSVCR100.dll
 0001:00011aa4       _unlock                    0000000180012aa4 f   MSVCRT:MSVCR100.dll
 0001:00011aaa       __dllonexit                0000000180012aaa f   MSVCRT:MSVCR100.dll
 0001:00011ab0       _lock                      0000000180012ab0 f   MSVCRT:MSVCR100.dll
 0001:00011ab6       RtlVirtualUnwind           0000000180012ab6 f   kernel32:KERNEL32.dll
 0001:00011abc       RtlLookupFunctionEntry     0000000180012abc f   kernel32:KERNEL32.dll
 0002:00000000       __imp_GetSystemTimeAsFileTime 0000000180013000     kernel32:KERNEL32.dll
 0002:00000008       __imp_GetCurrentProcessId  0000000180013008     kernel32:KERNEL32.dll
 0002:00000010       __imp_GetCurrentThreadId   0000000180013010     kernel32:KERNEL32.dll
 0002:00000018       __imp_GetTickCount         0000000180013018     kernel32:KERNEL32.dll
 0002:00000020       __imp_QueryPerformanceCounter 0000000180013020     kernel32:KERNEL32.dll
 0002:00000028       __imp_DisableThreadLibraryCalls 0000000180013028     kernel32:KERNEL32.dll
 0002:00000030       __imp_RtlCaptureContext    0000000180013030     kernel32:KERNEL32.dll
 0002:00000038       __imp_RtlLookupFunctionEntry 0000000180013038     kernel32:KERNEL32.dll
 0002:00000040       __imp_RtlVirtualUnwind     0000000180013040     kernel32:KERNEL32.dll
 0002:00000048       __imp_IsDebuggerPresent    0000000180013048     kernel32:KERNEL32.dll
 0002:00000050       __imp_SetUnhandledExceptionFilter 0000000180013050     kernel32:KERNEL32.dll
 0002:00000058       __imp_UnhandledExceptionFilter 0000000180013058     kernel32:KERNEL32.dll
 0002:00000060       __imp_GetCurrentProcess    0000000180013060     kernel32:KERNEL32.dll
 0002:00000068       __imp_TerminateProcess     0000000180013068     kernel32:KERNEL32.dll
 0002:00000070       __imp_Sleep                0000000180013070     kernel32:KERNEL32.dll
 0002:00000078       __imp_EncodePointer        0000000180013078     kernel32:KERNEL32.dll
 0002:00000080       __imp_DecodePointer        0000000180013080     kernel32:KERNEL32.dll
 0002:00000088       \177KERNEL32_NULL_THUNK_DATA 0000000180013088     kernel32:KERNEL32.dll
 0002:00000090       __imp__initterm            0000000180013090     MSVCRT:MSVCR100.dll
 0002:00000098       __imp__malloc_crt          0000000180013098     MSVCRT:MSVCR100.dll
 0002:000000a0       __imp_memcpy               00000001800130a0     MSVCRT:MSVCR100.dll
 0002:000000a8       __imp_memset               00000001800130a8     MSVCRT:MSVCR100.dll
 0002:000000b0       __imp__amsg_exit           00000001800130b0     MSVCRT:MSVCR100.dll
 0002:000000b8       __imp___C_specific_handler 00000001800130b8     MSVCRT:MSVCR100.dll
 0002:000000c0       __imp___CppXcptFilter      00000001800130c0     MSVCRT:MSVCR100.dll
 0002:000000c8       __imp___crt_debugger_hook  00000001800130c8     MSVCRT:MSVCR100.dll
 0002:000000d0       __imp___clean_type_info_names_internal 00000001800130d0     MSVCRT:MSVCR100.dll
 0002:000000d8       __imp__unlock              00000001800130d8     MSVCRT:MSVCR100.dll
 0002:000000e0       __imp___dllonexit          00000001800130e0     MSVCRT:MSVCR100.dll
 0002:000000e8       __imp__lock                00000001800130e8     MSVCRT:MSVCR100.dll
 0002:000000f0       __imp__onexit              00000001800130f0     MSVCRT:MSVCR100.dll
 0002:000000f8       __imp_free                 00000001800130f8     MSVCRT:MSVCR100.dll
 0002:00000100       __imp__initterm_e          0000000180013100     MSVCRT:MSVCR100.dll
 0002:00000108       __imp__encoded_null        0000000180013108     MSVCRT:MSVCR100.dll
 0002:00000110       \177MSVCR100_NULL_THUNK_DATA 0000000180013110     MSVCRT:MSVCR100.dll
 0002:00000118       __imp_emlrtMatrixMatrixIndexCheckR2012b 0000000180013118     libemlrt:libemlrt.dll
 0002:00000120       __imp_emlrtSubAssignSizeCheckR2012b 0000000180013120     libemlrt:libemlrt.dll
 0002:00000128       __imp_emlrtSizeEqCheck1DR2012b 0000000180013128     libemlrt:libemlrt.dll
 0002:00000130       __imp_emlrtVectorVectorIndexCheckR2012b 0000000180013130     libemlrt:libemlrt.dll
 0002:00000138       __imp_emlrtSizeEqCheckNDR2012b 0000000180013138     libemlrt:libemlrt.dll
 0002:00000140       __imp_emlrtAddField        0000000180013140     libemlrt:libemlrt.dll
 0002:00000148       __imp_emlrtDestroyArray    0000000180013148     libemlrt:libemlrt.dll
 0002:00000150       __imp_emlrtCheckBuiltInR2012b 0000000180013150     libemlrt:libemlrt.dll
 0002:00000158       __imp_emlrtImportArrayR2011b 0000000180013158     libemlrt:libemlrt.dll
 0002:00000160       __imp_emlrtCheckVsBuiltInR2012b 0000000180013160     libemlrt:libemlrt.dll
 0002:00000168       __imp_emlrtNameCapturePostProcessR2012a 0000000180013168     libemlrt:libemlrt.dll
 0002:00000170       __imp_emlrtAlias           0000000180013170     libemlrt:libemlrt.dll
 0002:00000178       __imp_emlrtGetFieldR2013a  0000000180013178     libemlrt:libemlrt.dll
 0002:00000180       __imp_emlrtCheckVsStructR2012b 0000000180013180     libemlrt:libemlrt.dll
 0002:00000188       __imp_emlrtCheckStructR2012b 0000000180013188     libemlrt:libemlrt.dll
 0002:00000190       __imp_emlrtAliasP          0000000180013190     libemlrt:libemlrt.dll
 0002:00000198       __imp_emlrtFreeMex         0000000180013198     libemlrt:libemlrt.dll
 0002:000001a0       __imp_emlrtPushHeapReferenceStackR2012b 00000001800131a0     libemlrt:libemlrt.dll
 0002:000001a8       __imp_emlrtHeapAllocationErrorR2012b 00000001800131a8     libemlrt:libemlrt.dll
 0002:000001b0       __imp_emlrtMallocMex       00000001800131b0     libemlrt:libemlrt.dll
 0002:000001b8       __imp_emlrtCallocMex       00000001800131b8     libemlrt:libemlrt.dll
 0002:000001c0       __imp_emlrtSizeMulR2012b   00000001800131c0     libemlrt:libemlrt.dll
 0002:000001c8       __imp_emlrtReturnArrayR2009a 00000001800131c8     libemlrt:libemlrt.dll
 0002:000001d0       __imp_emlrtErrMsgIdAndTxt  00000001800131d0     libemlrt:libemlrt.dll
 0002:000001d8       __imp_emlrtErrorWithMessageIdR2012b 00000001800131d8     libemlrt:libemlrt.dll
 0002:000001e0       __imp_emlrtHeapReferenceStackEnterFcnR2012b 00000001800131e0     libemlrt:libemlrt.dll
 0002:000001e8       __imp_emlrtPushRtStackR2012b 00000001800131e8     libemlrt:libemlrt.dll
 0002:000001f0       __imp_emlrtInitCharArrayR2013a 00000001800131f0     libemlrt:libemlrt.dll
 0002:000001f8       __imp_emlrtAssign          00000001800131f8     libemlrt:libemlrt.dll
 0002:00000200       __imp_emlrtPopRtStackR2012b 0000000180013200     libemlrt:libemlrt.dll
 0002:00000208       __imp_emlrtDynamicBoundsCheckR2012b 0000000180013208     libemlrt:libemlrt.dll
 0002:00000210       __imp_emlrtBreakCheckR2012b 0000000180013210     libemlrt:libemlrt.dll
 0002:00000218       __imp_emlrtIntegerCheckR2012b 0000000180013218     libemlrt:libemlrt.dll
 0002:00000220       __imp_emlrtHeapReferenceStackLeaveFcnR2012b 0000000180013220     libemlrt:libemlrt.dll
 0002:00000228       __imp_emlrtLeaveRtStackR2012b 0000000180013228     libemlrt:libemlrt.dll
 0002:00000230       __imp_emlrtDestroyRootTLS  0000000180013230     libemlrt:libemlrt.dll
 0002:00000238       __imp_emlrtGetBreakCheckFlagAddressR2012b 0000000180013238     libemlrt:libemlrt.dll
 0002:00000240       __imp_emlrtCreateRootTLS   0000000180013240     libemlrt:libemlrt.dll
 0002:00000248       __imp_emlrtClearAllocCountR2012b 0000000180013248     libemlrt:libemlrt.dll
 0002:00000250       __imp_emlrtEnterRtStackR2012b 0000000180013250     libemlrt:libemlrt.dll
 0002:00000258       __imp_emlrtFirstTimeR2012b 0000000180013258     libemlrt:libemlrt.dll
 0002:00000260       __imp_emlrtCallMATLABR2012b 0000000180013260     libemlrt:libemlrt.dll
 0002:00000268       __imp_emlrtDimSizeEqCheckR2012b 0000000180013268     libemlrt:libemlrt.dll
 0002:00000270       \177libemlrt_NULL_THUNK_DATA 0000000180013270     libemlrt:libemlrt.dll
 0002:00000278       __imp_mexAtExit            0000000180013278     libmex:libmex.dll
 0002:00000280       \177libmex_NULL_THUNK_DATA 0000000180013280     libmex:libmex.dll
 0002:00000288       __imp_muIntScalarMin_sint32 0000000180013288     libmwmathutil:libmwmathutil.dll
 0002:00000290       __imp_muDoubleScalarMin    0000000180013290     libmwmathutil:libmwmathutil.dll
 0002:00000298       __imp_muDoubleScalarMax    0000000180013298     libmwmathutil:libmwmathutil.dll
 0002:000002a0       __imp_muDoubleScalarIsNaN  00000001800132a0     libmwmathutil:libmwmathutil.dll
 0002:000002a8       __imp_muDoubleScalarSqrt   00000001800132a8     libmwmathutil:libmwmathutil.dll
 0002:000002b0       __imp_muDoubleScalarFloor  00000001800132b0     libmwmathutil:libmwmathutil.dll
 0002:000002b8       __imp_muDoubleScalarAbs    00000001800132b8     libmwmathutil:libmwmathutil.dll
 0002:000002c0       __imp_muDoubleScalarCos    00000001800132c0     libmwmathutil:libmwmathutil.dll
 0002:000002c8       __imp_muDoubleScalarSin    00000001800132c8     libmwmathutil:libmwmathutil.dll
 0002:000002d0       __imp_muDoubleScalarRound  00000001800132d0     libmwmathutil:libmwmathutil.dll
 0002:000002d8       __imp_muDoubleScalarIsInf  00000001800132d8     libmwmathutil:libmwmathutil.dll
 0002:000002e0       \177libmwmathutil_NULL_THUNK_DATA 00000001800132e0     libmwmathutil:libmwmathutil.dll
 0002:000002e8       __imp_mxCreateStructMatrix_700 00000001800132e8     libmx:libmx.dll
 0002:000002f0       __imp_mxCreateLogicalMatrix_700 00000001800132f0     libmx:libmx.dll
 0002:000002f8       __imp_mxSetFieldByNumber_700 00000001800132f8     libmx:libmx.dll
 0002:00000300       __imp_mxCreateDoubleScalar 0000000180013300     libmx:libmx.dll
 0002:00000308       __imp_mxCreateStructArray_700 0000000180013308     libmx:libmx.dll
 0002:00000310       __imp_mxCreateNumericMatrix_700 0000000180013310     libmx:libmx.dll
 0002:00000318       __imp_mxGetData            0000000180013318     libmx:libmx.dll
 0002:00000320       __imp_mxCreateNumericArray_700 0000000180013320     libmx:libmx.dll
 0002:00000328       __imp_mxSetData            0000000180013328     libmx:libmx.dll
 0002:00000330       __imp_mxSetDimensions_700  0000000180013330     libmx:libmx.dll
 0002:00000338       __imp_mxCreateString       0000000180013338     libmx:libmx.dll
 0002:00000340       __imp_mxGetNaN             0000000180013340     libmx:libmx.dll
 0002:00000348       __imp_mxCreateCharArray_700 0000000180013348     libmx:libmx.dll
 0002:00000350       \177libmx_NULL_THUNK_DATA  0000000180013350     libmx:libmx.dll
 0002:00000358       __xc_a                     0000000180013358     MSVCRT:cinitexe.obj
 0002:00000360       __xc_z                     0000000180013360     MSVCRT:cinitexe.obj
 0002:00000368       __xi_a                     0000000180013368     MSVCRT:cinitexe.obj
 0002:00000378       __xi_z                     0000000180013378     MSVCRT:cinitexe.obj
 0002:00000380       ??_C@_05KKCIMGE@error?$AA@ 0000000180013380     LIDAR_mexutil.obj
 0002:00000388       ??_C@_07ONPBMBOP@message?$AA@ 0000000180013388     LIDAR_mexutil.obj
 0002:00000390       ??_C@_0EF@MDEFHNJJ@C?3?1Program?5Files?1MATLAB?1R2013a?1t@ 0000000180013390     LIDAR_data.obj
 0002:000003d8       ??_C@_08EHEFPMK@mldivide?$AA@ 00000001800133d8     LIDAR_data.obj
 0002:000003f0       ??_C@_0EF@KHDDBFCM@C?3?1Program?5Files?1MATLAB?1R2013a?1t@ 00000001800133f0     LIDAR_data.obj
 0002:00000438       ??_C@_04GMLMBKFF@diff?$AA@ 0000000180013438     LIDAR_data.obj
 0002:00000440       ??_C@_0EO@LGNNDMPB@C?3?1Program?5Files?1MATLAB?1R2013a?1t@ 0000000180013440     LIDAR_data.obj
 0002:00000490       ??_C@_0BC@JEELAMCJ@eml_scalexp_alloc?$AA@ 0000000180013490     LIDAR_data.obj
 0002:000004b0       ??_C@_0FL@MJGKGDLP@C?3?1Program?5Files?1MATLAB?1R2013a?1t@ 00000001800134b0     LIDAR_data.obj
 0002:00000510       ??_C@_0BC@GOHPPOHJ@eml_refblas_xgerx?$AA@ 0000000180013510     LIDAR_data.obj
 0002:00000530       ??_C@_0FK@OGCFGKFC@C?3?1Program?5Files?1MATLAB?1R2013a?1t@ 0000000180013530     LIDAR_data.obj
 0002:00000590       ??_C@_0BB@EKCGGHJJ@eml_refblas_xger?$AA@ 0000000180013590     LIDAR_data.obj
 0002:000005b0       ??_C@_0FI@LGBIPGED@C?3?1Program?5Files?1MATLAB?1R2013a?1t@ 00000001800135b0     LIDAR_data.obj
 0002:00000608       ??_C@_0O@MGOBNFHA@eml_blas_xger?$AA@ 0000000180013608     LIDAR_data.obj
 0002:00000620       ??_C@_0EK@DDIKKNDM@C?3?1Program?5Files?1MATLAB?1R2013a?1t@ 0000000180013620     LIDAR_data.obj
 0002:00000670       ??_C@_08MJGEHAGI@eml_xger?$AA@ 0000000180013670     LIDAR_data.obj
 0002:00000680       ??_C@_0EL@JBNPFIPK@C?3?1Program?5Files?1MATLAB?1R2013a?1t@ 0000000180013680     LIDAR_data.obj
 0002:000006d0       ??_C@_09BBOIAAKJ@eml_xgeru?$AA@ 00000001800136d0     LIDAR_data.obj
 0002:000006e0       ??_C@_0FM@IMKDGIPE@C?3?1Program?5Files?1MATLAB?1R2013a?1t@ 00000001800136e0     LIDAR_data.obj
 0002:00000740       ??_C@_0BC@GHDOHOEM@eml_matlab_zgetrf?$AA@ 0000000180013740     LIDAR_data.obj
 0002:00000760       ??_C@_0FO@NAIFGMJI@C?3?1Program?5Files?1MATLAB?1R2013a?1t@ 0000000180013760     LIDAR_data.obj
 0002:000007c0       ??_C@_0BC@NGKJOAN@eml_lapack_xgetrf?$AA@ 00000001800137c0     LIDAR_data.obj
 0002:000007e0       ??_C@_0EO@JDAEPEMC@C?3?1Program?5Files?1MATLAB?1R2013a?1t@ 00000001800137e0     LIDAR_data.obj
 0002:00000830       ??_C@_0L@LMJIHGDE@eml_xgetrf?$AA@ 0000000180013830     LIDAR_data.obj
 0002:00000840       ??_C@_0EC@ILBAJFGG@C?3?1Program?5Files?1MATLAB?1R2013a?1t@ 0000000180013840     LIDAR_data.obj
 0002:00000884       ??_C@_05BCDKEBLL@colon?$AA@ 0000000180013884     LIDAR_data.obj
 0002:00000890       ??_C@_0EG@GINHPJCI@C?3?1Program?5Files?1MATLAB?1R2013a?1t@ 0000000180013890     LIDAR_data.obj
 0002:000008d8       ??_C@_07EGDDPBAO@reshape?$AA@ 00000001800138d8     LIDAR_data.obj
 0002:000008e0       ??_C@_0ED@CONHAFFB@C?3?1Program?5Files?1MATLAB?1R2013a?1t@ 00000001800138e0     LIDAR_data.obj
 0002:00000924       ??_C@_04CKFJHKAP@find?$AA@ 0000000180013924     LIDAR_data.obj
 0002:00000930       ??_C@_0EE@CAFGOJJI@C?3?1Program?5Files?1MATLAB?1R2013a?1t@ 0000000180013930     LIDAR_data.obj
 0002:00000974       ??_C@_03KLIPLJLL@min?$AA@  0000000180013974     LIDAR_data.obj
 0002:00000980       ??_C@_0EL@NLEDJIEP@C?3?1Program?5Files?1MATLAB?1R2013a?1t@ 0000000180013980     LIDAR_data.obj
 0002:000009d0       ??_C@_0P@PAOJKEOI@eml_min_or_max?$AA@ 00000001800139d0     LIDAR_data.obj
 0002:000009e0       ??_C@_0FL@PMFAFPFJ@C?3?1Program?5Files?1MATLAB?1R2013a?1t@ 00000001800139e0     LIDAR_data.obj
 0002:00000a40       ??_C@_0BP@OEONONCM@eml_int_forloop_overflow_check?$AA@ 0000000180013a40     LIDAR_data.obj
 0002:00000a60       ??_C@_02ECGIMHJO@YI?$AA@   0000000180013a60     LIDAR.obj
 0002:00000a64       ??_C@_02EDKKKNKJ@XI?$AA@   0000000180013a64     LIDAR.obj
 0002:00000a68       ??_C@_04MCJPOJGF@DIST?$AA@ 0000000180013a68     LIDAR.obj
 0002:00000a70       ??_C@_05MDMAMADF@Y_ITS?$AA@ 0000000180013a70     LIDAR.obj
 0002:00000a78       ??_C@_05IJMBDJA@X_ITS?$AA@ 0000000180013a78     LIDAR.obj
 0002:00000a80       ??_C@_05OJPIIJFC@RANGE?$AA@ 0000000180013a80     LIDAR.obj
 0002:00000a88       ??_C@_07JJLJAPKH@MAP?4OBS?$AA@ 0000000180013a88     LIDAR.obj
 0002:00000a90       ??_C@_05JPLHMONN@ANGLE?$AA@ 0000000180013a90     LIDAR.obj
 0002:00000a98       ??_C@_0DE@ELLFNCKO@D?3?1COG_Model?1UM_11_24_2014?1lib?1s@ 0000000180013a98     LIDAR.obj
 0002:00000acc       ??_C@_05IOOHLJDI@LIDAR?$AA@ 0000000180013acc     LIDAR.obj
 0002:00000b70       __real@3cb0000000000000    0000000180013b70     LIDAR.obj
 0002:00000b78       __real@0000000000000000    0000000180013b78     LIDAR.obj
 0002:00000b80       __real@3ff921fb54442d18    0000000180013b80     LIDAR.obj
 0002:00000b88       __real@4000000000000000    0000000180013b88     LIDAR.obj
 0002:00000b90       __real@41dfffffffc00000    0000000180013b90     LIDAR.obj
 0002:00000b98       __real@3cc0000000000000    0000000180013b98     LIDAR.obj
 0002:00000ba0       __real@401921fb54442d18    0000000180013ba0     LIDAR.obj
 0002:00000ba8       __real@3ff0000000000000    0000000180013ba8     LIDAR.obj
 0002:00000bb0       __real@3fe0000000000000    0000000180013bb0     LIDAR.obj
 0002:00000bb8       __real@4066800000000000    0000000180013bb8     LIDAR.obj
 0002:00000bc0       __real@400921fb54442d18    0000000180013bc0     LIDAR.obj
 0002:00000bc8       ??_C@_04ENLEFGLC@dxy2?$AA@ 0000000180013bc8     intersections_coder.obj
 0002:00000bd0       ??_C@_01GAPBHFFA@T?$AA@    0000000180013bd0     intersections_coder.obj
 0002:00000bd4       ??_C@_01HMGJMAIH@B?$AA@    0000000180013bd4     intersections_coder.obj
 0002:00000bd8       ??_C@_02JIIELPFO@AA?$AA@   0000000180013bd8     intersections_coder.obj
 0002:00000bdc       ??_C@_02LGOOCBED@y2?$AA@   0000000180013bdc     intersections_coder.obj
 0002:00000be0       ??_C@_02LHCMELHE@x2?$AA@   0000000180013be0     intersections_coder.obj
 0002:00000bf0       ??_C@_0EI@HLNEOOLK@C?3?1Program?5Files?1MATLAB?1R2013a?1t@ 0000000180013bf0     intersections_coder.obj
 0002:00000c38       ??_C@_0M@LOJNOHOD@eml_li_find?$AA@ 0000000180013c38     intersections_coder.obj
 0002:00000c50       ??_C@_0EG@EDOPEAGL@C?3?1Program?5Files?1MATLAB?1R2013a?1t@ 0000000180013c50     intersections_coder.obj
 0002:00000c98       ??_C@_09JANBMANM@eml_error?$AA@ 0000000180013c98     intersections_coder.obj
 0002:00000cb0       ??_C@_0EE@GFFEKKBK@C?3?1Program?5Files?1MATLAB?1R2013a?1t@ 0000000180013cb0     intersections_coder.obj
 0002:00000cf4       ??_C@_03LJAEFNNE@max?$AA@  0000000180013cf4     intersections_coder.obj
 0002:00000d00       ??_C@_0ED@FJNJHCOJ@C?3?1Program?5Files?1MATLAB?1R2013a?1t@ 0000000180013d00     intersections_coder.obj
 0002:00000d50       ??_C@_0EC@CIILOOEM@D?3?1COG_Model?1UM_11_24_2014?1lib?1s@ 0000000180013d50     intersections_coder.obj
 0002:00000d98       ??_C@_0BE@FEMBILNF@intersections_coder?$AA@ 0000000180013d98     intersections_coder.obj
 0002:00000e50       ??_C@_0CI@BHGKFKAI@Coder?3toolbox?3reshape_emptyResha@ 0000000180013e50     intersections_coder.obj
 0002:00000e78       ??_C@_0BC@DHBLDLOI@Assertion?5failed?4?$AA@ 0000000180013e78     intersections_coder.obj
 0002:00000e90       __mask@@NegDouble@         0000000180013e90     intersections_coder.obj
 0002:00000ed0       ??_C@_0FG@BGLHJIHM@C?3?1Program?5Files?1MATLAB?1R2013a?1t@ 0000000180013ed0     repmat.obj
 0002:00000f28       ??_C@_0BK@POIJPMHI@eml_assert_valid_size_arg?$AA@ 0000000180013f28     repmat.obj
 0002:00000f50       ??_C@_0EF@HAJFKPKJ@C?3?1Program?5Files?1MATLAB?1R2013a?1t@ 0000000180013f50     repmat.obj
 0002:00000f98       ??_C@_06HDIFKNJO@repmat?$AA@ 0000000180013f98     repmat.obj
 0002:00000ff0       ??_C@_0EC@MNGJFPED@C?3?1Program?5Files?1MATLAB?1R2013a?1t@ 0000000180013ff0     lu.obj
 0002:00001034       ??_C@_02BDDLJJBK@lu?$AA@   0000000180014034     lu.obj
 0002:00001040       ??_C@_0EI@FMGLKALD@C?3?1Program?5Files?1MATLAB?1R2013a?1t@ 0000000180014040     mldivide.obj
 0002:00001088       ??_C@_0M@MMMIKBD@eml_warning?$AA@ 0000000180014088     mldivide.obj
 0002:000010a0       ??_C@_0EI@LCIAEHIA@C?3?1Program?5Files?1MATLAB?1R2013a?1t@ 00000001800140a0     mldivide.obj
 0002:000010e8       ??_C@_0M@FPGNIFNO@eml_lusolve?$AA@ 00000001800140e8     mldivide.obj
 0002:00001170       ??_C@_07FPLKDJGL@warning?$AA@ 0000000180014170     mldivide.obj
 0002:00001178       __real@0010000000000000    0000000180014178     norm.obj
 0002:00001180       ??_C@_03OPJFKHLK@PTS?$AA@  0000000180014180     LIDAR_api.obj
 0002:00001184       ??_C@_03PPEEDPLB@OBS?$AA@  0000000180014184     LIDAR_api.obj
 0002:00001188       ??_C@_03PDEMHDFE@BDY?$AA@  0000000180014188     LIDAR_api.obj
 0002:0000118c       ??_C@_04IPKHEEB@NAME?$AA@  000000018001418c     LIDAR_api.obj
 0002:00001191       ??_C@_00CNPNBAHC@?$AA@     0000000180014191     LIDAR_api.obj
 0002:00001198       ??_C@_09DNDIKOBP@LIDAR_api?$AA@ 0000000180014198     LIDAR_api.obj
 0002:000011c0       ??_C@_0EM@LIFKDPLC@?$FLILXE?$FN$matlabroot$?1toolbox?1eml?1l@ 00000001800141c0     LIDAR_api.obj
 0002:00001210       ??_C@_0EC@CJLCDIKC@?$FLILXE?$FN$matlabroot$?1toolbox?1eml?1l@ 0000000180014210     LIDAR_api.obj
 0002:00001258       ??_C@_0BC@PDFPGFMJ@eml_index_rdivide?$AA@ 0000000180014258     LIDAR_api.obj
 0002:00001270       ??_C@_0EK@JNKAINMC@?$FLILXE?$FN$matlabroot$?1toolbox?1eml?1l@ 0000000180014270     LIDAR_api.obj
 0002:000012c0       ??_C@_0DK@LNPLPIAF@?$FLILXE?$FN$matlabroot$?1toolbox?1eml?1l@ 00000001800142c0     LIDAR_api.obj
 0002:00001300       ??_C@_0EA@MGDACNOI@?$FLILXE?$FN$matlabroot$?1toolbox?1eml?1l@ 0000000180014300     LIDAR_api.obj
 0002:00001340       ??_C@_0DH@COGCLMCI@?$FLILXE?$FN$matlabroot$?1toolbox?1eml?1l@ 0000000180014340     LIDAR_api.obj
 0002:00001378       ??_C@_0DP@HKLBKEGP@?$FLILXE?$FN$matlabroot$?1toolbox?1eml?1l@ 0000000180014378     LIDAR_api.obj
 0002:000013b8       ??_C@_0DI@NOGOOKFE@?$FLILXE?$FN$matlabroot$?1toolbox?1eml?1l@ 00000001800143b8     LIDAR_api.obj
 0002:000013f0       ??_C@_05LGCGPNNP@isnan?$AA@ 00000001800143f0     LIDAR_api.obj
 0002:000013f8       ??_C@_0P@JNIGDCNL@eml_index_prod?$AA@ 00000001800143f8     LIDAR_api.obj
 0002:00001410       ??_C@_0FA@BCFOBJKC@?$FLILXE?$FN$matlabroot$?1toolbox?1eml?1l@ 0000000180014410     LIDAR_api.obj
 0002:00001460       ??_C@_0DK@ENDCOJGF@?$FLILXE?$FN$matlabroot$?1toolbox?1eml?1l@ 0000000180014460     LIDAR_api.obj
 0002:000014a0       ??_C@_07MIMONDDE@isequal?$AA@ 00000001800144a0     LIDAR_api.obj
 0002:000014a8       ??_C@_0DI@EMINNGDL@?$FLILXE?$FN$matlabroot$?1toolbox?1eml?1l@ 00000001800144a8     LIDAR_api.obj
 0002:000014e0       ??_C@_0EO@OCDIBMGI@?$FLIXE?$FN$matlabroot$?1toolbox?1shared@ 00000001800144e0     LIDAR_api.obj
 0002:00001530       ??_C@_0BN@EIMLBOBO@coder?4internal?4indexIntRelop?$AA@ 0000000180014530     LIDAR_api.obj
 0002:00001550       ??_C@_0DJ@PBLDDNNK@?$FLILXE?$FN$matlabroot$?1toolbox?1eml?1l@ 0000000180014550     LIDAR_api.obj
 0002:0000158c       ??_C@_06CFKOHMKF@intmax?$AA@ 000000018001458c     LIDAR_api.obj
 0002:00001598       ??_C@_0DH@LODENFNP@?$FLILXE?$FN$matlabroot$?1toolbox?1eml?1l@ 0000000180014598     LIDAR_api.obj
 0002:000015d0       ??_C@_06PCBFLGP@mtimes?$AA@ 00000001800145d0     LIDAR_api.obj
 0002:000015e0       ??_C@_0FJ@NLDFBDAC@?$FLILXE?$FN$matlabroot$?1toolbox?1eml?1l@ 00000001800145e0     LIDAR_api.obj
 0002:00001640       ??_C@_0DI@IEIPGFNC@?$FLILXE?$FN$matlabroot$?1toolbox?1eml?1l@ 0000000180014640     LIDAR_api.obj
 0002:00001678       ??_C@_05OIHEAIFD@isinf?$AA@ 0000000180014678     LIDAR_api.obj
 0002:00001680       ??_C@_0FF@BHCOHPII@?$FLILXE?$FN$matlabroot$?1toolbox?1eml?1l@ 0000000180014680     LIDAR_api.obj
 0002:000016e0       ??_C@_0EK@OCGHDCDA@?$FLILXE?$FN$matlabroot$?1toolbox?1eml?1l@ 00000001800146e0     LIDAR_api.obj
 0002:00001730       ??_C@_0DJ@DMNFGGIL@?$FLILXE?$FN$matlabroot$?1toolbox?1eml?1l@ 0000000180014730     LIDAR_api.obj
 0002:00001770       ??_C@_0EP@LONMACPJ@?$FLILXE?$FN$matlabroot$?1toolbox?1eml?1l@ 0000000180014770     LIDAR_api.obj
 0002:000017c0       ??_C@_0DP@KEPDCHIB@?$FLILXE?$FN$matlabroot$?1toolbox?1eml?1l@ 00000001800147c0     LIDAR_api.obj
 0002:00001800       ??_C@_0P@DJHCLAEH@eml_index_plus?$AA@ 0000000180014800     LIDAR_api.obj
 0002:00001810       ??_C@_0EA@NHKEHCBE@?$FLILXE?$FN$matlabroot$?1toolbox?1eml?1l@ 0000000180014810     LIDAR_api.obj
 0002:00001850       ??_C@_0BA@DCOEOBGC@eml_index_times?$AA@ 0000000180014850     LIDAR_api.obj
 0002:00001860       ??_C@_0DO@HACIDIPI@?$FLILXE?$FN$matlabroot$?1toolbox?1eml?1l@ 0000000180014860     LIDAR_api.obj
 0002:000018a0       ??_C@_0O@CHHNCCAN@eml_size_prod?$AA@ 00000001800148a0     LIDAR_api.obj
 0002:000018b0       ??_C@_0FH@BDMJPNAA@?$FLILXE?$FN$matlabroot$?1toolbox?1eml?1l@ 00000001800148b0     LIDAR_api.obj
 0002:00001910       ??_C@_0EC@EDKCHFKG@?$FLILXE?$FN$matlabroot$?1toolbox?1eml?1l@ 0000000180014910     LIDAR_api.obj
 0002:00001958       ??_C@_0DI@JIPJFLJ@?$FLILXE?$FN$matlabroot$?1toolbox?1eml?1l@ 0000000180014958     LIDAR_api.obj
 0002:00001990       ??_C@_0FA@HLMNPFDP@?$FLILXE?$FN$matlabroot$?1toolbox?1eml?1l@ 0000000180014990     LIDAR_api.obj
 0002:000019e0       ??_C@_0BI@MOBBIOAA@coder?4internal?4indexInt?$AA@ 00000001800149e0     LIDAR_api.obj
 0002:000019f8       ??_C@_0DP@JHLGJKEB@?$FLILXE?$FN$matlabroot$?1toolbox?1eml?1l@ 00000001800149f8     LIDAR_api.obj
 0002:00001a40       ??_C@_0EA@FCCELNDI@?$FLILXE?$FN$matlabroot$?1toolbox?1eml?1l@ 0000000180014a40     LIDAR_api.obj
 0002:00001a80       ??_C@_0BA@BIKOLOKP@eml_index_minus?$AA@ 0000000180014a80     LIDAR_api.obj
 0002:00001a90       ??_C@_04ENMBGAPA@char?$AA@ 0000000180014a90     LIDAR_api.obj
 0002:00001aa0       ??_C@_0EA@GLIAMHNI@?$FLILXE?$FN$matlabroot$?1toolbox?1eml?1l@ 0000000180014aa0     LIDAR_api.obj
 0002:00001ae0       ??_C@_0BA@LGKKDMEL@eml_index_class?$AA@ 0000000180014ae0     LIDAR_api.obj
 0002:00001af0       ??_C@_0DH@FJGMMLJA@?$FLILXE?$FN$matlabroot$?1toolbox?1eml?1l@ 0000000180014af0     LIDAR_api.obj
 0002:00001b28       ??_C@_0DO@FIFFNPJ@?$FLILXE?$FN$matlabroot$?1toolbox?1eml?1l@ 0000000180014b28     LIDAR_api.obj
 0002:00001b70       ??_C@_0EL@PHDBKCJB@?$FLILXE?$FN$matlabroot$?1toolbox?1eml?1l@ 0000000180014b70     LIDAR_api.obj
 0002:00001bc0       ??_C@_0DJ@HMGCMLEI@?$FLILXE?$FN$matlabroot$?1toolbox?1eml?1l@ 0000000180014bc0     LIDAR_api.obj
 0002:00001c00       ??_C@_0BL@CDOFOJKC@eml_const_nonsingleton_dim?$AA@ 0000000180014c00     LIDAR_api.obj
 0002:00001c20       ??_C@_07EIHKFOOB@logical?$AA@ 0000000180014c20     LIDAR_api.obj
 0002:00001c28       ??_C@_06IJDLPEM@length?$AA@ 0000000180014c28     LIDAR_api.obj
 0002:00001c30       ??_C@_0EF@GAIBKDGH@?$FLE?$FND?3?1COG_Model?1UM_11_24_2014?1li@ 0000000180014c30     LIDAR_api.obj
 0002:00001c78       ??_C@_0O@DGEIFEHG@eml_scalar_eg?$AA@ 0000000180014c78     LIDAR_api.obj
 0002:00001c88       ??_C@_0DI@IHPGCDDP@?$FLILXE?$FN$matlabroot$?1toolbox?1eml?1l@ 0000000180014c88     LIDAR_api.obj
 0002:00001cc0       ??_C@_0DJ@OLHDNMAO@?$FLILXE?$FN$matlabroot$?1toolbox?1eml?1l@ 0000000180014cc0     LIDAR_api.obj
 0002:00001cfc       ??_C@_06BNJCAIGJ@double?$AA@ 0000000180014cfc     LIDAR_api.obj
 0002:00001d10       ??_C@_0EB@JMHDJNBF@?$FLILXE?$FN$matlabroot$?1toolbox?1eml?1l@ 0000000180014d10     LIDAR_api.obj
 0002:00001d58       ??_C@_0P@DEOLODNE@eml_scalar_abs?$AA@ 0000000180014d58     LIDAR_api.obj
 0002:00001d68       ??_C@_0BC@NHLGMHAO@eml_refblas_xswap?$AA@ 0000000180014d68     LIDAR_api.obj
 0002:00001d80       ??_C@_0EP@LEJNOAOP@?$FLILXE?$FN$matlabroot$?1toolbox?1eml?1l@ 0000000180014d80     LIDAR_api.obj
 0002:00001dd0       ??_C@_0EN@DHEKFCMG@?$FLILXE?$FN$matlabroot$?1toolbox?1eml?1l@ 0000000180014dd0     LIDAR_api.obj
 0002:00001e20       ??_C@_0DP@BADLFMNJ@?$FLILXE?$FN$matlabroot$?1toolbox?1eml?1l@ 0000000180014e20     LIDAR_api.obj
 0002:00001e60       ??_C@_09BNIPEHJD@eml_xswap?$AA@ 0000000180014e60     LIDAR_api.obj
 0002:00001e6c       ??_C@_03BCGAIFPO@abs?$AA@  0000000180014e6c     LIDAR_api.obj
 0002:00001e70       ??_C@_0DG@GPPKOLMK@?$FLILXE?$FN$matlabroot$?1toolbox?1eml?1l@ 0000000180014e70     LIDAR_api.obj
 0002:00001eb0       ??_C@_0EA@OMGLKADH@?$FLILXE?$FN$matlabroot$?1toolbox?1eml?1l@ 0000000180014eb0     LIDAR_api.obj
 0002:00001ef0       ??_C@_0L@FDMDDLAF@eml_xcabs1?$AA@ 0000000180014ef0     LIDAR_api.obj
 0002:00001f00       ??_C@_0BD@BDHFBLFK@eml_refblas_ixamax?$AA@ 0000000180014f00     LIDAR_api.obj
 0002:00001f20       ??_C@_0FA@LEHFIJNN@?$FLILXE?$FN$matlabroot$?1toolbox?1eml?1l@ 0000000180014f20     LIDAR_api.obj
 0002:00001f70       ??_C@_0EO@PGEEMGAD@?$FLILXE?$FN$matlabroot$?1toolbox?1eml?1l@ 0000000180014f70     LIDAR_api.obj
 0002:00001fc0       ??_C@_0EF@OACOOKJN@?$FLILXE?$FN$matlabroot$?1toolbox?1eml?1l@ 0000000180014fc0     LIDAR_api.obj
 0002:00002010       ??_C@_0FO@BHENCEAB@?$FLILXE?$FN$matlabroot$?1toolbox?1eml?1l@ 0000000180015010     LIDAR_api.obj
 0002:00002070       ??_C@_0EA@HLGLLKPI@?$FLILXE?$FN$matlabroot$?1toolbox?1eml?1l@ 0000000180015070     LIDAR_api.obj
 0002:000020b0       ??_C@_0L@JNABMNCD@eml_ixamax?$AA@ 00000001800150b0     LIDAR_api.obj
 0002:000020c0       ??_C@_0BA@OPOLJENJ@eml_blas_inline?$AA@ 00000001800150c0     LIDAR_api.obj
 0002:000020d0       ??_C@_0EP@CIFFBLGH@?$FLILXE?$FN$matlabroot$?1toolbox?1eml?1l@ 00000001800150d0     LIDAR_api.obj
 0002:00002120       ??_C@_0ED@MLNFPDEJ@?$FLILXE?$FN$matlabroot$?1toolbox?1eml?1l@ 0000000180015120     LIDAR_api.obj
 0002:00002168       ??_C@_0BD@CGBDIBJP@eml_unsigned_class?$AA@ 0000000180015168     LIDAR_api.obj
 0002:00002180       ??_C@_0DN@PMMHPPNL@?$FLILXE?$FN$matlabroot$?1toolbox?1eml?1l@ 0000000180015180     LIDAR_api.obj
 0002:000021c0       ??_C@_0FD@FAKKKKHN@?$FLILXE?$FN$matlabroot$?1toolbox?1eml?1l@ 00000001800151c0     LIDAR_api.obj
 0002:00002218       ??_C@_0N@DLHLLFPN@eml_isa_uint?$AA@ 0000000180015218     LIDAR_api.obj
 0002:00002230       ??_C@_0FD@PNHABOJM@?$FLILXE?$FN$matlabroot$?1toolbox?1eml?1l@ 0000000180015230     LIDAR_api.obj
 0002:00002290       ??_C@_0EB@GIBPKMLK@?$FLILXE?$FN$matlabroot$?1toolbox?1eml?1l@ 0000000180015290     LIDAR_api.obj
 0002:000022d8       ??_C@_0DI@KHEKJDFK@?$FLILXE?$FN$matlabroot$?1toolbox?1eml?1l@ 00000001800152d8     LIDAR_api.obj
 0002:00002310       ??_C@_0DJ@LELBHOFI@?$FLILXE?$FN$matlabroot$?1toolbox?1eml?1l@ 0000000180015310     LIDAR_api.obj
 0002:0000234c       ??_C@_05PBJFFIGL@floor?$AA@ 000000018001534c     LIDAR_api.obj
 0002:00002358       ??_C@_0DG@KPMKIFH@?$FLILXE?$FN$matlabroot$?1toolbox?1eml?1l@ 0000000180015358     LIDAR_api.obj
 0002:00002390       ??_C@_03ICKAGFLH@eps?$AA@  0000000180015390     LIDAR_api.obj
 0002:00002398       ??_C@_0DM@IBJBHDMD@?$FLILXE?$FN$matlabroot$?1toolbox?1eml?1l@ 0000000180015398     LIDAR_api.obj
 0002:000023d8       ??_C@_0M@BEAOLJKK@eml_realmin?$AA@ 00000001800153d8     LIDAR_api.obj
 0002:000023e4       ??_C@_06DHCFJIMK@intmin?$AA@ 00000001800153e4     LIDAR_api.obj
 0002:000023f0       ??_C@_0DK@LKBJFIMJ@?$FLILXE?$FN$matlabroot$?1toolbox?1eml?1l@ 00000001800153f0     LIDAR_api.obj
 0002:00002430       ??_C@_0DG@DOKJOMGG@?$FLILXE?$FN$matlabroot$?1toolbox?1eml?1l@ 0000000180015430     LIDAR_api.obj
 0002:00002468       ??_C@_07EHHIAKNC@realmin?$AA@ 0000000180015468     LIDAR_api.obj
 0002:00002470       ??_C@_0FC@OCOGNNKI@?$FLILXE?$FN$matlabroot$?1toolbox?1eml?1l@ 0000000180015470     LIDAR_api.obj
 0002:000024d0       ??_C@_0EC@GGHLLNJF@?$FLILXE?$FN$matlabroot$?1toolbox?1eml?1l@ 00000001800154d0     LIDAR_api.obj
 0002:00002520       ??_C@_0FA@FKDHEHEB@?$FLILXE?$FN$matlabroot$?1toolbox?1eml?1l@ 0000000180015520     LIDAR_api.obj
 0002:00002570       ??_C@_0DG@HINACGED@?$FLILXE?$FN$matlabroot$?1toolbox?1eml?1l@ 0000000180015570     LIDAR_api.obj
 0002:000025b0       ??_C@_0ED@LCKCOCGE@?$FLILXE?$FN$matlabroot$?1toolbox?1eml?1l@ 00000001800155b0     LIDAR_api.obj
 0002:000025f8       ??_C@_0DK@JGMDEBEG@?$FLILXE?$FN$matlabroot$?1toolbox?1eml?1l@ 00000001800155f8     LIDAR_api.obj
 0002:00002638       ??_C@_0DK@NBBBHAFE@?$FLILXE?$FN$matlabroot$?1toolbox?1eml?1l@ 0000000180015638     LIDAR_api.obj
 0002:00002678       ??_C@_09NODCPLED@eml_relop?$AA@ 0000000180015678     LIDAR_api.obj
 0002:00002688       ??_C@_0BA@DMFOHEOD@function_handle?$AA@ 0000000180015688     LIDAR_api.obj
 0002:000026a0       ??_C@_0FA@NLJKFOCK@?$FLILXE?$FN$matlabroot$?1toolbox?1eml?1l@ 00000001800156a0     LIDAR_api.obj
 0002:000026f0       ??_C@_0BC@LDENLAOM@eml_refblas_xnrm2?$AA@ 00000001800156f0     LIDAR_api.obj
 0002:00002710       ??_C@_0EP@BGLEPBOF@?$FLILXE?$FN$matlabroot$?1toolbox?1eml?1l@ 0000000180015710     LIDAR_api.obj
 0002:00002760       ??_C@_0EN@JFGDEDMM@?$FLILXE?$FN$matlabroot$?1toolbox?1eml?1l@ 0000000180015760     LIDAR_api.obj
 0002:000027b0       ??_C@_0DP@LCBCENND@?$FLILXE?$FN$matlabroot$?1toolbox?1eml?1l@ 00000001800157b0     LIDAR_api.obj
 0002:000027f0       ??_C@_09HJHEDAHB@eml_xnrm2?$AA@ 00000001800157f0     LIDAR_api.obj
 0002:00002800       ??_C@_0EB@LHHEBOLO@?$FLILXE?$FN$matlabroot$?1toolbox?1eml?1l@ 0000000180015800     LIDAR_api.obj
 0002:00002848       ??_C@_0DI@CDOIINPF@?$FLILXE?$FN$matlabroot$?1toolbox?1eml?1l@ 0000000180015848     LIDAR_api.obj
 0002:00002880       ??_C@_04PLLMIPEP@norm?$AA@ 0000000180015880     LIDAR_api.obj
 0002:00002888       ??_C@_06PBJBIPGK@struct?$AA@ 0000000180015888     LIDAR_api.obj
 0002:00002890       ??_C@_0DH@HOBHOMH@?$FLE?$FND?3?1COG_Model?1UM_11_24_2014?1li@ 0000000180015890     LIDAR_api.obj
 0002:000028d0       ??_C@_0EK@DAIIEKFK@?$FLILXE?$FN$matlabroot$?1toolbox?1eml?1l@ 00000001800158d0     LIDAR_api.obj
 0002:00002920       ??_C@_0DM@CMPJFBOP@?$FLILXE?$FN$matlabroot$?1toolbox?1eml?1l@ 0000000180015920     LIDAR_api.obj
 0002:00002960       ??_C@_0HF@KHPAKDPE@?$FLILXE?$FN$matlabroot$?1toolbox?1eml?1l@ 0000000180015960     LIDAR_api.obj
 0002:000029d8       ??_C@_0BC@LCIGPACO@eml_refblas_xtrsm?$AA@ 00000001800159d8     LIDAR_api.obj
 0002:000029f0       ??_C@_0EP@JJKEAEHC@?$FLILXE?$FN$matlabroot$?1toolbox?1eml?1l@ 00000001800159f0     LIDAR_api.obj
 0002:00002a40       ??_C@_0EN@BKHDLGFL@?$FLILXE?$FN$matlabroot$?1toolbox?1eml?1l@ 0000000180015a40     LIDAR_api.obj
 0002:00002a90       ??_C@_0FN@FAGDABEA@?$FLILXE?$FN$matlabroot$?1toolbox?1eml?1l@ 0000000180015a90     LIDAR_api.obj
 0002:00002af0       ??_C@_0DP@DNACLIEE@?$FLILXE?$FN$matlabroot$?1toolbox?1eml?1l@ 0000000180015af0     LIDAR_api.obj
 0002:00002b30       ??_C@_09HILPHALD@eml_xtrsm?$AA@ 0000000180015b30     LIDAR_api.obj
 0002:00002b40       ??_C@_0DM@LEGBPOG@?$FLILXE?$FN$matlabroot$?1toolbox?1eml?1l@ 0000000180015b40     LIDAR_api.obj
 0002:00002b80       ??_C@_0EK@ODGECLPK@?$FLILXE?$FN$matlabroot$?1toolbox?1eml?1l@ 0000000180015b80     LIDAR_api.obj
 0002:00002bd0       ??_C@_0EH@CFPLBCIE@?$FLILXE?$FN$matlabroot$?1toolbox?1eml?1l@ 0000000180015bd0     LIDAR_api.obj
 0002:00002c18       ??_C@_0DM@OFKNPINF@?$FLILXE?$FN$matlabroot$?1toolbox?1eml?1l@ 0000000180015c18     LIDAR_api.obj
 0002:00002c58       ??_C@_0DJ@IPAFLELL@?$FLILXE?$FN$matlabroot$?1toolbox?1eml?1l@ 0000000180015c58     LIDAR_api.obj
 0002:00002c98       ??_C@_0DP@PDGJOEIB@?$FLILXE?$FN$matlabroot$?1toolbox?1eml?1l@ 0000000180015c98     LIDAR_api.obj
 0002:00002cd8       ??_C@_0O@PAIIPFF@eml_ipiv2perm?$AA@ 0000000180015cd8     LIDAR_api.obj
 0002:00002ce8       ??_C@_0DO@KKCNBIIE@?$FLILXE?$FN$matlabroot$?1toolbox?1eml?1l@ 0000000180015ce8     LIDAR_api.obj
 0002:00002d30       ??_C@_0EO@NIOAKGHL@?$FLILXE?$FN$matlabroot$?1toolbox?1eml?1l@ 0000000180015d30     LIDAR_api.obj
 0002:00002d80       ??_C@_0EP@ILOGDOBP@?$FLILXE?$FN$matlabroot$?1toolbox?1eml?1l@ 0000000180015d80     LIDAR_api.obj
 0002:00002dd0       ??_C@_0EM@NMNHEIGM@?$FLILXE?$FN$matlabroot$?1toolbox?1eml?1l@ 0000000180015dd0     LIDAR_api.obj
 0002:00002e20       ??_C@_0DI@GANAMGFL@?$FLILXE?$FN$matlabroot$?1toolbox?1eml?1l@ 0000000180015e20     LIDAR_api.obj
 0002:00002e60       ??_C@_0FM@BDJDPNPE@?$FLILXE?$FN$matlabroot$?1toolbox?1eml?1l@ 0000000180015e60     LIDAR_api.obj
 0002:00002ec0       ??_C@_0DO@KPJIPNBN@?$FLILXE?$FN$matlabroot$?1toolbox?1eml?1l@ 0000000180015ec0     LIDAR_api.obj
 0002:00002f00       ??_C@_0DP@NNCKFKPE@?$FLILXE?$FN$matlabroot$?1toolbox?1eml?1l@ 0000000180015f00     LIDAR_api.obj
 0002:00002f40       ??_C@_07KHOFHKNM@eml_div?$AA@ 0000000180015f40     LIDAR_api.obj
 0002:00002f50       ??_C@_0ED@DLMKEIEI@?$FLILXE?$FN$matlabroot$?1toolbox?1eml?1l@ 0000000180015f50     LIDAR_api.obj
 0002:00002f98       ??_C@_0BB@MHDGCEOD@eml_scalar_round?$AA@ 0000000180015f98     LIDAR_api.obj
 0002:00002fb0       ??_C@_0ED@BIIMGNAK@?$FLILXE?$FN$matlabroot$?1toolbox?1eml?1l@ 0000000180015fb0     LIDAR_api.obj
 0002:00002ff8       ??_C@_0BB@DKCPHGKF@eml_scalar_floor?$AA@ 0000000180015ff8     LIDAR_api.obj
 0002:00003010       ??_C@_0DG@CNGGIACG@?$FLILXE?$FN$matlabroot$?1toolbox?1eml?1l@ 0000000180016010     LIDAR_api.obj
 0002:00003048       ??_C@_03FFONCNID@mod?$AA@  0000000180016048     LIDAR_api.obj
 0002:00003050       ??_C@_0DP@MAHEJPGM@?$FLILXE?$FN$matlabroot$?1toolbox?1eml?1l@ 0000000180016050     LIDAR_api.obj
 0002:00003090       ??_C@_0M@FMAJFPGC@mFileTimeHi?$AA@ 0000000180016090     LIDAR_api.obj
 0002:000030a0       ??_C@_0M@NFKFADI@mFileTimeLo?$AA@ 00000001800160a0     LIDAR_api.obj
 0002:000030b0       ??_C@_0L@HMDKMKNA@fileTimeHi?$AA@ 00000001800160b0     LIDAR_api.obj
 0002:000030c0       ??_C@_0L@CNGJMFIK@fileTimeLo?$AA@ 00000001800160c0     LIDAR_api.obj
 0002:000030d0       ??_C@_08CGJBBLIA@resolved?$AA@ 00000001800160d0     LIDAR_api.obj
 0002:000030e0       ??_C@_0N@IGLAPNJK@dominantType?$AA@ 00000001800160e0     LIDAR_api.obj
 0002:000030f0       ??_C@_04MEMAJGDJ@name?$AA@ 00000001800160f0     LIDAR_api.obj
 0002:000030f8       ??_C@_07JKKCBBMM@context?$AA@ 00000001800160f8     LIDAR_api.obj
 0002:00003100       ??_C@_0EB@NCIHPOOF@?$FLILXE?$FN$matlabroot$?1toolbox?1eml?1l@ 0000000180016100     LIDAR_api.obj
 0002:00003148       ??_C@_0BB@PACNMNAE@eml_isequal_core?$AA@ 0000000180016148     LIDAR_api.obj
 0002:0000315c       ??_C@_03CFFIJAMA@sum?$AA@  000000018001615c     LIDAR_api.obj
 0002:00003160       ??_C@_0EB@HMOIANG@?$FLILXE?$FN$matlabroot$?1toolbox?1eml?1l@ 0000000180016160     LIDAR_api.obj
 0002:000031a8       ??_C@_0P@DNMCPPDN@eml_scalar_sin?$AA@ 00000001800161a8     LIDAR_api.obj
 0002:000031b8       ??_C@_0DG@PEEHPGAJ@?$FLILXE?$FN$matlabroot$?1toolbox?1eml?1l@ 00000001800161b8     LIDAR_api.obj
 0002:000031f0       ??_C@_03BLEJJJBH@sin?$AA@  00000001800161f0     LIDAR_api.obj
 0002:00003200       ??_C@_0EB@CJCLPIKP@?$FLILXE?$FN$matlabroot$?1toolbox?1eml?1l@ 0000000180016200     LIDAR_api.obj
 0002:00003248       ??_C@_0P@JGDKLIAM@eml_scalar_cos?$AA@ 0000000180016248     LIDAR_api.obj
 0002:00003258       ??_C@_0DG@NKKCIOHA@?$FLILXE?$FN$matlabroot$?1toolbox?1eml?1l@ 0000000180016258     LIDAR_api.obj
 0002:00003290       ??_C@_03LALBNOCG@cos?$AA@  0000000180016290     LIDAR_api.obj
 0002:000032a0       ??_C@_0GG@OHNAOPF@?$FLIXE?$FN$matlabroot$?1toolbox?1shared@ 00000001800162a0     LIDAR_api.obj
 0002:00003310       ??_C@_0EG@LFGIANGD@?$FLILXE?$FN$matlabroot$?1toolbox?1eml?1l@ 0000000180016310     LIDAR_api.obj
 0002:00003360       ??_C@_0HB@PKGEOBOK@?$FLIXE?$FN$matlabroot$?1toolbox?1shared@ 0000000180016360     LIDAR_api.obj
 0002:000033d8       ??_C@_0DI@PBKCBADP@?$FLILXE?$FN$matlabroot$?1toolbox?1eml?1l@ 00000001800163d8     LIDAR_api.obj
 0002:00003410       ??_C@_07HBNJHBAD@eml_eps?$AA@ 0000000180016410     LIDAR_api.obj
 0002:00003420       ??_C@_0ED@NGEOFMII@?$FLILXE?$FN$matlabroot$?1toolbox?1eml?1l@ 0000000180016420     LIDAR_api.obj
 0002:00003468       ??_C@_0BD@EACIBKCB@eml_is_float_class?$AA@ 0000000180016468     LIDAR_api.obj
 0002:00003480       ??_C@_0EJ@MLHIMBFI@?$FLILXE?$FN$matlabroot$?1toolbox?1eml?1l@ 0000000180016480     LIDAR_api.obj
 0002:000034d0       ??_C@_0DM@MEJDDAEB@?$FLILXE?$FN$matlabroot$?1toolbox?1eml?1l@ 00000001800164d0     LIDAR_api.obj
 0002:00003510       ??_C@_0M@GIFFNMF@eml_realmax?$AA@ 0000000180016510     LIDAR_api.obj
 0002:00003520       ??_C@_0DK@PPBLBLEL@?$FLILXE?$FN$matlabroot$?1toolbox?1eml?1l@ 0000000180016520     LIDAR_api.obj
 0002:00003560       ??_C@_07FFPDOOLN@realmax?$AA@ 0000000180016560     LIDAR_api.obj
 0002:00003570       ??_C@_0EA@LAHNEJPA@?$FLILXE?$FN$matlabroot$?1toolbox?1eml?1l@ 0000000180016570     LIDAR_api.obj
 0002:000035b0       ??_C@_0BA@JIOKGPOE@eml_guarded_nan?$AA@ 00000001800165b0     LIDAR_api.obj
 0002:000035c0       ??_C@_0EF@KJHPHCMA@?$FLILXE?$FN$matlabroot$?1toolbox?1eml?1l@ 00000001800165c0     LIDAR_api.obj
 0002:00003608       ??_C@_0BF@EJPIMOGG@eml_realmin_denormal?$AA@ 0000000180016608     LIDAR_api.obj
 0002:00003620       ??_C@_0EA@BFEKENJA@?$FLILXE?$FN$matlabroot$?1toolbox?1eml?1l@ 0000000180016620     LIDAR_api.obj
 0002:00003660       ??_C@_0ED@IACIPGHL@?$FLILXE?$FN$matlabroot$?1toolbox?1eml?1l@ 0000000180016660     LIDAR_api.obj
 0002:000036a8       ??_C@_0BD@EOLJMLAD@eml_mantissa_nbits?$AA@ 00000001800166a8     LIDAR_api.obj
 0002:000036c0       ??_C@_0BA@PBHEJPIB@eml_float_model?$AA@ 00000001800166c0     LIDAR_api.obj
 0002:000036d0       ??_C@_0DN@PNEPENFC@?$FLILXE?$FN$matlabroot$?1toolbox?1eml?1l@ 00000001800166d0     LIDAR_api.obj
 0002:00003710       ??_C@_08CHCKEDFL@isfinite?$AA@ 0000000180016710     LIDAR_api.obj
 0002:00003720       ??_C@_0DL@JMMGNODA@?$FLILXE?$FN$matlabroot$?1toolbox?1eml?1l@ 0000000180016720     LIDAR_api.obj
 0002:00003760       ??_C@_0EF@JMJLIMBF@?$FLILXE?$FN$matlabroot$?1toolbox?1eml?1l@ 0000000180016760     LIDAR_api.obj
 0002:000037b0       ??_C@_0EH@ELBOGDPJ@?$FLILXE?$FN$matlabroot$?1toolbox?1eml?1l@ 00000001800167b0     LIDAR_api.obj
 0002:000037f8       ??_C@_0BH@LFDIDDBI@eml_scalexp_compatible?$AA@ 00000001800167f8     LIDAR_api.obj
 0002:00003810       ??_C@_07EDECNBOH@rdivide?$AA@ 0000000180016810     LIDAR_api.obj
 0002:00003818       ??_C@_0DJ@LGGCAFOA@?$FLILXE?$FN$matlabroot$?1toolbox?1eml?1l@ 0000000180016818     LIDAR_api.obj
 0002:00003858       ??_C@_08GNEFHMND@mrdivide?$AA@ 0000000180016858     LIDAR_api.obj
 0002:00003868       ??_C@_0DI@ECPGNJBG@?$FLILXE?$FN$matlabroot$?1toolbox?1eml?1l@ 0000000180016868     LIDAR_api.obj
 0002:000038a0       ??_C@_03HMCGBKKA@MAP?$AA@  00000001800168a0     LIDAR_api.obj
 0002:000038a8       ??_C@_0M@OPJDGBK@ANGULAR_RES?$AA@ 00000001800168a8     LIDAR_api.obj
 0002:000038b8       ??_C@_0M@FPIMECG@LASER_RANGE?$AA@ 00000001800168b8     LIDAR_api.obj
 0002:000038c4       ??_C@_02JHFFIENB@HA?$AA@   00000001800168c4     LIDAR_api.obj
 0002:000038c8       ??_C@_02NCDECJLL@VP?$AA@   00000001800168c8     LIDAR_api.obj
 0002:000038d0       ??_C@_0CF@OIONOIOI@EMLRT?3runTime?3TooManyOutputArgum@ 00000001800168d0     LIDAR_mex.obj
 0002:000038f8       ??_C@_0CC@IMHDKEMC@EMLRT?3runTime?3WrongNumberOfInput@ 00000001800168f8     LIDAR_mex.obj
 0002:00003920       ??_C@_0BD@BMDBANMC@8?41?40?4604?5?$CIR2013a?$CJ?$AA@ 0000000180016920     LIDAR_mex.obj
 0002:00003938       __real@4014000000000000    0000000180016938     LIDAR_mex.obj
 0002:00003940       ??_C@_0P@FDPDNMBC@ConstantInputs?$AA@ 0000000180016940     LIDAR_mex.obj
 0002:00003950       ??_C@_0BA@HBLCOFA@NumberOfOutputs?$AA@ 0000000180016950     LIDAR_mex.obj
 0002:00003960       ??_C@_0P@DJPKAEOC@NumberOfInputs?$AA@ 0000000180016960     LIDAR_mex.obj
 0002:00003970       ??_C@_04FABLJDN@Name?$AA@  0000000180016970     LIDAR_mex.obj
 0002:00003978       ??_C@_0M@HOOGCLMJ@EntryPoints?$AA@ 0000000180016978     LIDAR_mex.obj
 0002:00003988       ??_C@_0BC@PFKIGKIM@ResolvedFunctions?$AA@ 0000000180016988     LIDAR_mex.obj
 0002:000039a0       ??_C@_07NGFJPNPN@Version?$AA@ 00000001800169a0     LIDAR_mex.obj
 0002:000039a8       _pRawDllMain               00000001800169a8     MSVCRT:crtdll.obj
 0002:000039a8       _pDefaultRawDllMain        00000001800169a8     MSVCRT:crtdll.obj
 0002:000039c0       __rtc_iaa                  00000001800169c0     MSVCRT:_initsect_.obj
 0002:000039c8       __rtc_izz                  00000001800169c8     MSVCRT:_initsect_.obj
 0002:000039d0       __rtc_taa                  00000001800169d0     MSVCRT:_initsect_.obj
 0002:000039d8       __rtc_tzz                  00000001800169d8     MSVCRT:_initsect_.obj
 0002:00003fa0       __IMPORT_DESCRIPTOR_libmx  0000000180016fa0     libmx:libmx.dll
 0002:00003fb4       __IMPORT_DESCRIPTOR_libmex 0000000180016fb4     libmex:libmex.dll
 0002:00003fc8       __IMPORT_DESCRIPTOR_libemlrt 0000000180016fc8     libemlrt:libemlrt.dll
 0002:00003fdc       __IMPORT_DESCRIPTOR_libmwmathutil 0000000180016fdc     libmwmathutil:libmwmathutil.dll
 0002:00003ff0       __IMPORT_DESCRIPTOR_MSVCR100 0000000180016ff0     MSVCRT:MSVCR100.dll
 0002:00004004       __IMPORT_DESCRIPTOR_KERNEL32 0000000180017004     kernel32:KERNEL32.dll
 0002:00004018       __NULL_IMPORT_DESCRIPTOR   0000000180017018     libmx:libmx.dll
 0003:00000000       ab_emlrtRSI                0000000180018000     LIDAR_data.obj
 0003:00000018       fb_emlrtRSI                0000000180018018     LIDAR_data.obj
 0003:00000030       jb_emlrtRSI                0000000180018030     LIDAR_data.obj
 0003:00000048       lb_emlrtRSI                0000000180018048     LIDAR_data.obj
 0003:00000060       qb_emlrtRSI                0000000180018060     LIDAR_data.obj
 0003:00000078       sb_emlrtRSI                0000000180018078     LIDAR_data.obj
 0003:00000090       tb_emlrtRSI                0000000180018090     LIDAR_data.obj
 0003:000000a8       ub_emlrtRSI                00000001800180a8     LIDAR_data.obj
 0003:000000c0       vb_emlrtRSI                00000001800180c0     LIDAR_data.obj
 0003:000000d8       wb_emlrtRSI                00000001800180d8     LIDAR_data.obj
 0003:000000f0       xb_emlrtRSI                00000001800180f0     LIDAR_data.obj
 0003:00000108       yb_emlrtRSI                0000000180018108     LIDAR_data.obj
 0003:00000120       ac_emlrtRSI                0000000180018120     LIDAR_data.obj
 0003:00000138       bc_emlrtRSI                0000000180018138     LIDAR_data.obj
 0003:00000150       cc_emlrtRSI                0000000180018150     LIDAR_data.obj
 0003:00000168       dc_emlrtRSI                0000000180018168     LIDAR_data.obj
 0003:00000180       n_emlrtMCI                 0000000180018180     LIDAR_data.obj
 0003:00000198       p_emlrtMCI                 0000000180018198     LIDAR_data.obj
 0003:000001b0       c_emlrtRTEI                00000001800181b0     LIDAR_data.obj
 0003:000001c8       s_emlrtRTEI                00000001800181c8     LIDAR_data.obj
 0003:000001e0       w_emlrtRTEI                00000001800181e0     LIDAR_data.obj
 0003:00001480       emlrtContextGlobal         0000000180019480     LIDAR_mex.obj
 0003:000014c0       __security_cookie          00000001800194c0     MSVCRT:gs_cookie.obj
 0003:000014c8       __security_cookie_complement 00000001800194c8     MSVCRT:gs_cookie.obj
 0003:000014d0       _fltused                   00000001800194d0     MSVCRT:dllsupp.obj
 0003:000014e0       __native_dllmain_reason    00000001800194e0     MSVCRT:natstart.obj
 0003:000014e4       __native_vcclrit_reason    00000001800194e4     MSVCRT:natstart.obj
 0003:000014f0       emlrtRootTLSGlobal         00000001800194f0     LIDAR_mex.obj
 0003:00001a70       ?__type_info_root_node@@3U__type_info_node@@A 0000000180019a70     MSVCRT:tncleanup.obj
 0003:00001a80       emlrtBreakCheckR2012bFlagVar 0000000180019a80     <common>
 0003:00001a88       __native_startup_state     0000000180019a88     <common>
 0003:00001a90       __native_startup_lock      0000000180019a90     <common>
 0003:00001a98       __onexitend                0000000180019a98     <common>
 0003:00001aa0       __onexitbegin              0000000180019aa0     <common>
 0003:00001aa8       __dyn_tls_init_callback    0000000180019aa8     <common>

 entry point at        0001:00011608

 Static symbols

 0001:00003420       eml_li_find                0000000180004420 f   intersections_coder.obj
 0001:00003520       eml_scalexp_alloc          0000000180004520 f   intersections_coder.obj
 0001:0000abf0       eml_warning                000000018000bbf0 f   mldivide.obj
 0001:0000b530       b_emlrt_marshallOut        000000018000c530 f   LIDAR_api.obj
 0001:0000b5a0       b_info_helper              000000018000c5a0 f   LIDAR_api.obj
 0001:0000c4d0       c_info_helper              000000018000d4d0 f   LIDAR_api.obj
 0001:0000d370       d_info_helper              000000018000e370 f   LIDAR_api.obj
 0001:0000e290       e_info_helper              000000018000f290 f   LIDAR_api.obj
 0001:0000e690       emlrt_marshallOut          000000018000f690 f   LIDAR_api.obj
 0001:0000e900       info_helper                000000018000f900 f   LIDAR_api.obj
 0001:0000f7d0       l_emlrt_marshallIn         00000001800107d0 f   LIDAR_api.obj
 0001:0000f8b0       m_emlrt_marshallIn         00000001800108b0 f   LIDAR_api.obj
 0001:0000fa30       emlrt_marshallIn           0000000180010a30 f   LIDAR_api.obj
 0001:0000fae0       i_emlrt_marshallIn         0000000180010ae0 f   LIDAR_api.obj
 0001:0000fd90       c_emlrt_marshallIn         0000000180010d90 f   LIDAR_api.obj
 0001:0000fe40       f_emlrt_marshallIn         0000000180010e40 f   LIDAR_api.obj
 0001:00010180       emxFree_char_T             0000000180011180 f   LIDAR_emxutil.obj
 0001:000101c0       emxInit_char_T             00000001800111c0 f   LIDAR_emxutil.obj
 0001:000103a0       emxCopy_real_T             00000001800113a0 f   LIDAR_emxutil.obj
 0001:00010730       emxExpand_struct_T         0000000180011730 f   LIDAR_emxutil.obj
 0001:000107f0       emxFree_struct_T           00000001800117f0 f   LIDAR_emxutil.obj
 0001:000108e0       emxInit_struct_T           00000001800118e0 f   LIDAR_emxutil.obj
 0001:000109b0       emxTrim_struct_T           00000001800119b0 f   LIDAR_emxutil.obj
 0001:00010c60       LIDAR_mexFunction          0000000180011c60 f   LIDAR_mex.obj
 0001:00011210       pre_c_init                 0000000180012210 f   MSVCRT:crtdll.obj
 0001:000114cc       __DllMainCRTStartup        00000001800124cc f   MSVCRT:crtdll.obj
 0001:00011ad0       __DllMainCRTStartup$filt$0 0000000180012ad0 f   MSVCRT:crtdll.obj
 0001:00011b00       __DllMainCRTStartup$fin$1  0000000180012b00 f   MSVCRT:crtdll.obj
 0001:00011b1a       _onexit$fin$0              0000000180012b1a f   MSVCRT:atonexit.obj
 0001:00011b40       _IsNonwritableInCurrentImage$filt$0 0000000180012b40 f   MSVCRT:pesect.obj
